node.exe : 
At line:1 char:1
+ & "C:\nvm4w\nodejs/node.exe" "C:\nvm4w\nodejs/node_modules/npm/bin/np ...
+ ~~~~~~~~~~~~~~~~~~~~~~~~~~~~~~~~~~~~~~~~~~~~~~~~~~~~~~~~~~~~~~~~~~~~~
    + CategoryInfo          : NotSpecified: (:String) [], RemoteException
    + FullyQualifiedErrorId : NativeCommandError
 
<--- Last few GCs --->

[115688:000001F24EC70000]   113374 ms: Mark-Compact 4036.7 (4131.4) -> 4021.3 (4131.9) MB, pooled: 0 
MB, 1275.64 / 0.00 ms  (average mu = 0.062, current mu = 0.044) allocation failure; scavenge might 
not succeed
[115688:000001F24EC70000]   115160 ms: Mark-Compact 4037.3 (4132.2) -> 4022.6 (4133.2) MB, pooled: 0 
MB, 1717.06 / 0.00 ms  (average mu = 0.051, current mu = 0.039) allocation failure; scavenge might 
not succeed


<--- JS stacktrace --->

FATAL ERROR: Ineffective mark-compacts near heap limit Allocation failed - JavaScript heap out of 
memory
----- Native stack trace -----

 1: 00007FF7805733D7 node::SetCppgcReference+21127
 2: 00007FF7804D38AB v8::base::CPU::num_virtual_address_bits+102331
 3: 00007FF7810DC281 v8::Isolate::ReportExternalAllocationLimitReached+65
 4: 00007FF7810C8D46 v8::Function::Experimental_IsNopFunction+3302
 5: 00007FF780F254A0 v8::internal::StrongRootAllocatorBase::StrongRootAllocatorBase+33904
 6: 00007FF780F1E8EA v8::internal::StrongRootAllocatorBase::StrongRootAllocatorBase+6330
 7: 00007FF780F1A125 v8::CpuProfileNode::GetScriptResourceNameStr+190613
 8: 00007FF7808A3DCD BIO_ssl_shutdown+189
 9: 7FF8000000000000 
